// Jest Snapshot v1, https://goo.gl/fbAQLP

exports[`execute works 1`] = `"hello js!"`;
